 Container docker-dev-run-6d66d0420a89 Creating 
 Container docker-dev-run-6d66d0420a89 Created 

==========
== CUDA ==
==========

CUDA Version 12.6.3

Container image Copyright (c) 2016-2023, NVIDIA CORPORATION & AFFILIATES. All rights reserved.

This container image and its contents are governed by the NVIDIA Deep Learning Container License.
By pulling and using the container, you accept the terms and conditions of this license:
https://developer.nvidia.com/ngc/nvidia-deep-learning-container-license

A copy of this license is made available in this container at /NGC-DL-CONTAINER-LICENSE for your convenience.

· No information stored about machine 'dolphin-bench'. I know about nothing.
  

I will now ask you some questions about this machine to identify it in the benchmarks.

1. machine:  A unique name to identify this machine in the results.
   May be anything, as long as it is unique across all the machines
   used to benchmark this project.  NOTE: If changed from the default,
   it will no longer match the hostname of this machine, and you may
   need to explicitly use the --machine argument to asv.
machine [dolphin-bench]: 2. os:  The OS type and version of this machine.  For example,
   'Macintosh OS-X 10.8'.
os [Linux 6.17.0-29-generic]: 3. arch:  The generic CPU architecture of this machine.  For example,
   'i386' or 'x86_64'.
arch [x86_64]: 4. cpu:  A specific description of the CPU of this machine, including
   its speed and class.  For example, 'Intel(R) Core(TM) i5-2520M CPU
   @ 2.50GHz (4 cores)'.
cpu [Intel(R) Core(TM) Ultra 9 285H]: 5. num_cpu:  The number of CPUs in the system. For example, '4'.
num_cpu [16]: 6. ram:  The amount of physical RAM on this machine.  For example,
   '4GB'.
ram [100735156224]: · Discovering benchmarks
· Running 1 total benchmarks (1 commits * 1 environments * 1 benchmarks)
[ 0.00%] · For dolphin commit 49975fce <feature/545-jax-similarity>:
[ 0.00%] ·· Building for existing-py_opt_conda_envs_dolphin-env_bin_python3.14
[ 0.00%] ·· Benchmarking existing-py_opt_conda_envs_dolphin-env_bin_python3.14
[50.00%] ··· Setting up benchmarks:177                                       ok
[50.00%] ··· ...ngleMinistackBenchmark.time_single_ministack             failed
[50.00%] ···· /opt/conda/envs/dolphin-env/lib/python3.14/site-packages/h5py/__init__.py:36: UserWarning: h5py is running against HDF5 2.2.0 when it was built against 2.1.0, this may cause problems
                _warn(("h5py is running against HDF5 {0} when it was built against {1}, "
                         Files: 11
                   Directories: 3
                 Evicted Pages: 20501 (80M)
                       Elapsed: 0.020817 seconds
              Traceback (most recent call last):
                File "/opt/conda/envs/dolphin-env/lib/python3.14/site-packages/asv/benchmark.py", line 99, in <module>
                  main()
                  ~~~~^^
                File "/opt/conda/envs/dolphin-env/lib/python3.14/site-packages/asv/benchmark.py", line 91, in main
                  commands[mode](args)
                  ~~~~~~~~~~~~~~^^^^^^
                File "/opt/conda/envs/dolphin-env/lib/python3.14/site-packages/asv_runner/run.py", line 73, in _run
                  result = benchmark.do_run()
                File "/opt/conda/envs/dolphin-env/lib/python3.14/site-packages/asv_runner/benchmarks/_base.py", line 758, in do_run
                  return self.run(*self._build_params())
                         ~~~~~~~~^^^^^^^^^^^^^^^^^^^^^^^
                File "/opt/conda/envs/dolphin-env/lib/python3.14/site-packages/asv_runner/benchmarks/time.py", line 235, in run
                  samples, number = self.benchmark_timing(
                                    ~~~~~~~~~~~~~~~~~~~~~^
                      timer,
                      ^^^^^^
                  ...<5 lines>...
                      min_run_count=self.min_run_count,
                      ^^^^^^^^^^^^^^^^^^^^^^^^^^^^^^^^^
                  )
                  ^
                File "/opt/conda/envs/dolphin-env/lib/python3.14/site-packages/asv_runner/benchmarks/time.py", line 367, in benchmark_timing
                  timing = timer.timeit(number)
                File "/opt/conda/envs/dolphin-env/lib/python3.14/timeit.py", line 177, in timeit
                  timing = self.inner(it, self.timer)
                File "<timeit-src>", line 6, in inner
                File "/dolphin/benchmarks/benchmarks.py", line 208, in time_single_ministack
                  sequential.run_wrapped_phase_sequential(
                  ~~~~~~~~~~~~~~~~~~~~~~~~~~~~~~~~~~~~~~~^
                      slc_vrt_file=self.v_file,
                      ^^^^^^^^^^^^^^^^^^^^^^^^^
                  ...<6 lines>...
                      # n_workers=cfg.worker_settings.n_workers,
                      ^^^^^^^^^^^^^^^^^^^^^^^^^^^^^^^^^^^^^^^^^^
                  )
                  ^
              TypeError: run_wrapped_phase_sequential() missing 2 required keyword-only arguments: 'slc_vrt_stack' and 'output_folder'
              asv: benchmark failed (exit status 1)


